mode: set
github.com/osi-oss/osi/internal/config/config.go:29.42,30.21 1 0
github.com/osi-oss/osi/internal/config/config.go:30.21,33.3 1 0
github.com/osi-oss/osi/internal/config/config.go:35.2,35.29 1 0
github.com/osi-oss/osi/internal/config/config.go:35.29,36.45 1 0
github.com/osi-oss/osi/internal/config/config.go:36.45,38.4 1 0
github.com/osi-oss/osi/internal/config/config.go:41.2,59.12 16 0
github.com/osi-oss/osi/internal/config/config.go:62.44,64.13 2 0
github.com/osi-oss/osi/internal/config/config.go:64.13,66.3 1 0
github.com/osi-oss/osi/internal/config/config.go:67.2,67.10 1 0
github.com/osi-oss/osi/internal/config/config.go:70.33,72.13 2 0
github.com/osi-oss/osi/internal/config/config.go:72.13,74.3 1 0
github.com/osi-oss/osi/internal/config/config.go:75.2,75.10 1 0
github.com/osi-oss/osi/internal/controllers/organization_controller.go:16.98,20.2 1 0
github.com/osi-oss/osi/internal/controllers/organization_controller.go:23.72,26.49 2 0
github.com/osi-oss/osi/internal/controllers/organization_controller.go:26.49,29.3 2 0
github.com/osi-oss/osi/internal/controllers/organization_controller.go:32.2,33.13 2 0
github.com/osi-oss/osi/internal/controllers/organization_controller.go:33.13,36.3 2 0
github.com/osi-oss/osi/internal/controllers/organization_controller.go:38.2,39.16 2 0
github.com/osi-oss/osi/internal/controllers/organization_controller.go:39.16,42.3 2 0
github.com/osi-oss/osi/internal/controllers/organization_controller.go:44.2,54.4 1 0
github.com/osi-oss/osi/internal/controllers/organization_controller.go:58.69,60.16 2 0
github.com/osi-oss/osi/internal/controllers/organization_controller.go:60.16,63.3 2 0
github.com/osi-oss/osi/internal/controllers/organization_controller.go:65.2,66.13 2 0
github.com/osi-oss/osi/internal/controllers/organization_controller.go:66.13,69.3 2 0
github.com/osi-oss/osi/internal/controllers/organization_controller.go:71.2,72.16 2 0
github.com/osi-oss/osi/internal/controllers/organization_controller.go:72.16,74.10 2 0
github.com/osi-oss/osi/internal/controllers/organization_controller.go:75.57,76.36 1 0
github.com/osi-oss/osi/internal/controllers/organization_controller.go:77.49,78.37 1 0
github.com/osi-oss/osi/internal/controllers/organization_controller.go:80.3,81.9 2 0
github.com/osi-oss/osi/internal/controllers/organization_controller.go:84.2,95.4 1 0
github.com/osi-oss/osi/internal/controllers/organization_controller.go:99.74,101.13 2 0
github.com/osi-oss/osi/internal/controllers/organization_controller.go:101.13,104.3 2 0
github.com/osi-oss/osi/internal/controllers/organization_controller.go:106.2,107.16 2 0
github.com/osi-oss/osi/internal/controllers/organization_controller.go:107.16,110.3 2 0
github.com/osi-oss/osi/internal/controllers/organization_controller.go:112.2,113.27 2 0
github.com/osi-oss/osi/internal/controllers/organization_controller.go:113.27,126.3 1 0
github.com/osi-oss/osi/internal/controllers/organization_controller.go:128.2,128.57 1 0
github.com/osi-oss/osi/internal/controllers/organization_controller.go:132.72,134.16 2 0
github.com/osi-oss/osi/internal/controllers/organization_controller.go:134.16,137.3 2 0
github.com/osi-oss/osi/internal/controllers/organization_controller.go:139.2,140.49 2 0
github.com/osi-oss/osi/internal/controllers/organization_controller.go:140.49,143.3 2 0
github.com/osi-oss/osi/internal/controllers/organization_controller.go:145.2,146.13 2 0
github.com/osi-oss/osi/internal/controllers/organization_controller.go:146.13,149.3 2 0
github.com/osi-oss/osi/internal/controllers/organization_controller.go:151.2,152.16 2 0
github.com/osi-oss/osi/internal/controllers/organization_controller.go:152.16,154.10 2 0
github.com/osi-oss/osi/internal/controllers/organization_controller.go:155.57,156.36 1 0
github.com/osi-oss/osi/internal/controllers/organization_controller.go:157.49,158.37 1 0
github.com/osi-oss/osi/internal/controllers/organization_controller.go:160.3,161.9 2 0
github.com/osi-oss/osi/internal/controllers/organization_controller.go:164.2,175.4 1 0
github.com/osi-oss/osi/internal/controllers/organization_controller.go:179.72,181.16 2 0
github.com/osi-oss/osi/internal/controllers/organization_controller.go:181.16,184.3 2 0
github.com/osi-oss/osi/internal/controllers/organization_controller.go:186.2,187.13 2 0
github.com/osi-oss/osi/internal/controllers/organization_controller.go:187.13,190.3 2 0
github.com/osi-oss/osi/internal/controllers/organization_controller.go:192.2,193.16 2 0
github.com/osi-oss/osi/internal/controllers/organization_controller.go:193.16,195.10 2 0
github.com/osi-oss/osi/internal/controllers/organization_controller.go:196.57,197.36 1 0
github.com/osi-oss/osi/internal/controllers/organization_controller.go:198.49,199.37 1 0
github.com/osi-oss/osi/internal/controllers/organization_controller.go:201.3,202.9 2 0
github.com/osi-oss/osi/internal/controllers/organization_controller.go:205.2,205.78 1 0
github.com/osi-oss/osi/internal/controllers/user_controller.go:16.75,18.2 1 0
github.com/osi-oss/osi/internal/controllers/user_controller.go:20.52,26.48 2 0
github.com/osi-oss/osi/internal/controllers/user_controller.go:26.48,29.3 2 0
github.com/osi-oss/osi/internal/controllers/user_controller.go:32.2,33.16 2 0
github.com/osi-oss/osi/internal/controllers/user_controller.go:33.16,35.10 2 0
github.com/osi-oss/osi/internal/controllers/user_controller.go:36.54,37.36 1 0
github.com/osi-oss/osi/internal/controllers/user_controller.go:38.49,39.38 1 0
github.com/osi-oss/osi/internal/controllers/user_controller.go:41.3,42.9 2 0
github.com/osi-oss/osi/internal/controllers/user_controller.go:45.2,55.4 2 0
github.com/osi-oss/osi/internal/controllers/user_controller.go:59.56,62.13 2 0
github.com/osi-oss/osi/internal/controllers/user_controller.go:62.13,65.3 2 0
github.com/osi-oss/osi/internal/controllers/user_controller.go:68.2,71.16 3 0
github.com/osi-oss/osi/internal/controllers/user_controller.go:71.16,74.3 2 0
github.com/osi-oss/osi/internal/controllers/user_controller.go:77.2,89.4 2 0
github.com/osi-oss/osi/internal/controllers/user_controller.go:93.52,108.2 2 0
github.com/osi-oss/osi/internal/controllers/user_controller.go:111.66,116.48 2 0
github.com/osi-oss/osi/internal/controllers/user_controller.go:116.48,119.3 2 0
github.com/osi-oss/osi/internal/controllers/user_controller.go:121.2,122.16 2 0
github.com/osi-oss/osi/internal/controllers/user_controller.go:122.16,126.3 3 0
github.com/osi-oss/osi/internal/controllers/user_controller.go:129.2,131.4 1 0
github.com/osi-oss/osi/internal/controllers/user_controller.go:135.59,141.48 2 0
github.com/osi-oss/osi/internal/controllers/user_controller.go:141.48,144.3 2 0
github.com/osi-oss/osi/internal/controllers/user_controller.go:146.2,147.16 2 0
github.com/osi-oss/osi/internal/controllers/user_controller.go:147.16,150.3 2 0
github.com/osi-oss/osi/internal/controllers/user_controller.go:152.2,154.4 1 0
github.com/osi-oss/osi/internal/controllers/user_controller.go:158.64,160.17 2 0
github.com/osi-oss/osi/internal/controllers/user_controller.go:160.17,163.3 2 0
github.com/osi-oss/osi/internal/controllers/user_controller.go:165.2,166.16 2 0
github.com/osi-oss/osi/internal/controllers/user_controller.go:166.16,169.3 2 0
github.com/osi-oss/osi/internal/controllers/user_controller.go:171.2,171.12 1 0
github.com/osi-oss/osi/internal/controllers/user_controller.go:171.12,174.3 2 0
github.com/osi-oss/osi/internal/controllers/user_controller.go:176.2,179.4 1 0
github.com/osi-oss/osi/internal/controllers/user_controller.go:182.51,189.48 2 0
github.com/osi-oss/osi/internal/controllers/user_controller.go:189.48,192.3 2 0
github.com/osi-oss/osi/internal/controllers/user_controller.go:194.2,195.16 2 0
github.com/osi-oss/osi/internal/controllers/user_controller.go:195.16,198.3 2 0
github.com/osi-oss/osi/internal/controllers/user_controller.go:200.2,203.4 1 0
github.com/osi-oss/osi/cmd/main.go:8.13,12.2 2 0
github.com/osi-oss/osi/internal/app/server.go:15.32,18.16 2 0
github.com/osi-oss/osi/internal/app/server.go:18.16,20.3 1 0
github.com/osi-oss/osi/internal/app/server.go:28.2,67.40 14 0
github.com/osi-oss/osi/internal/app/server.go:67.40,69.3 1 0
github.com/osi-oss/osi/internal/app/server.go:72.2,73.2 2 0
github.com/osi-oss/osi/internal/app/server.go:73.2,86.3 8 0
github.com/osi-oss/osi/internal/app/server.go:86.3,96.4 7 0
github.com/osi-oss/osi/internal/app/server.go:99.2,100.26 2 0
github.com/osi-oss/osi/internal/db/connect_db.go:12.52,16.2 2 0
github.com/osi-oss/osi/internal/db/connect_db.go:19.85,32.2 1 0
github.com/osi-oss/osi/internal/db/connect_db.go:35.51,37.16 2 0
github.com/osi-oss/osi/internal/db/connect_db.go:37.16,39.3 1 0
github.com/osi-oss/osi/internal/db/connect_db.go:41.2,41.16 1 0
github.com/osi-oss/osi/internal/db/syncDb.go:8.32,18.2 1 0
github.com/osi-oss/osi/internal/repository/organization_repo.go:12.69,14.2 1 0
github.com/osi-oss/osi/internal/repository/organization_repo.go:16.73,18.2 1 0
github.com/osi-oss/osi/internal/repository/organization_repo.go:20.82,24.2 3 0
github.com/osi-oss/osi/internal/repository/organization_repo.go:26.91,35.2 3 0
github.com/osi-oss/osi/internal/repository/organization_repo.go:37.73,39.2 1 0
github.com/osi-oss/osi/internal/repository/organization_repo.go:41.57,43.2 1 0
github.com/osi-oss/osi/internal/repository/organization_repo.go:45.91,47.2 1 0
github.com/osi-oss/osi/internal/repository/organization_repo.go:49.113,53.2 3 0
github.com/osi-oss/osi/internal/repository/password_reset_repo.go:14.71,16.2 1 0
github.com/osi-oss/osi/internal/repository/password_reset_repo.go:19.82,21.2 1 0
github.com/osi-oss/osi/internal/repository/password_reset_repo.go:24.99,29.2 3 0
github.com/osi-oss/osi/internal/repository/password_reset_repo.go:32.66,36.2 1 0
github.com/osi-oss/osi/internal/repository/password_reset_repo.go:39.57,42.2 1 0
github.com/osi-oss/osi/internal/repository/password_reset_repo.go:45.69,48.2 1 0
github.com/osi-oss/osi/internal/repository/user_repo.go:12.53,14.2 1 0
github.com/osi-oss/osi/internal/repository/user_repo.go:16.58,18.2 1 0
github.com/osi-oss/osi/internal/repository/user_repo.go:20.73,24.2 3 0
github.com/osi-oss/osi/internal/repository/user_repo.go:26.64,30.2 3 0
github.com/osi-oss/osi/internal/repository/user_repo.go:33.58,35.2 1 0
github.com/osi-oss/osi/internal/middleware/auth.go:12.53,13.30 1 0
github.com/osi-oss/osi/internal/middleware/auth.go:13.30,17.56 2 0
github.com/osi-oss/osi/internal/middleware/auth.go:17.56,19.4 1 0
github.com/osi-oss/osi/internal/middleware/auth.go:19.9,22.24 2 0
github.com/osi-oss/osi/internal/middleware/auth.go:22.24,26.5 3 0
github.com/osi-oss/osi/internal/middleware/auth.go:27.4,27.59 1 0
github.com/osi-oss/osi/internal/middleware/auth.go:31.3,31.84 1 0
github.com/osi-oss/osi/internal/middleware/auth.go:31.84,33.59 1 0
github.com/osi-oss/osi/internal/middleware/auth.go:33.59,35.5 1 0
github.com/osi-oss/osi/internal/middleware/auth.go:36.4,36.33 1 0
github.com/osi-oss/osi/internal/middleware/auth.go:39.3,39.33 1 0
github.com/osi-oss/osi/internal/middleware/auth.go:39.33,43.4 3 0
github.com/osi-oss/osi/internal/middleware/auth.go:46.3,46.68 1 0
github.com/osi-oss/osi/internal/middleware/auth.go:46.68,48.46 1 0
github.com/osi-oss/osi/internal/middleware/auth.go:48.46,50.5 1 0
github.com/osi-oss/osi/internal/middleware/auth.go:50.10,54.5 3 0
github.com/osi-oss/osi/internal/middleware/auth.go:55.4,55.35 1 0
github.com/osi-oss/osi/internal/middleware/auth.go:56.9,60.4 3 0
github.com/osi-oss/osi/internal/middleware/auth.go:62.3,62.11 1 0
github.com/osi-oss/osi/internal/middleware/cors.go:6.29,7.30 1 0
github.com/osi-oss/osi/internal/middleware/cors.go:7.30,9.19 2 0
github.com/osi-oss/osi/internal/middleware/cors.go:9.19,11.4 1 0
github.com/osi-oss/osi/internal/middleware/cors.go:13.3,18.36 5 0
github.com/osi-oss/osi/internal/middleware/cors.go:18.36,21.4 2 0
github.com/osi-oss/osi/internal/middleware/cors.go:23.3,23.11 1 0
github.com/osi-oss/osi/internal/middleware/security.go:11.43,12.30 1 0
github.com/osi-oss/osi/internal/middleware/security.go:12.30,14.50 1 0
github.com/osi-oss/osi/internal/middleware/security.go:14.50,15.33 1 0
github.com/osi-oss/osi/internal/middleware/security.go:15.33,16.47 1 0
github.com/osi-oss/osi/internal/middleware/security.go:16.47,23.6 3 0
github.com/osi-oss/osi/internal/middleware/security.go:25.5,25.38 1 0
github.com/osi-oss/osi/internal/middleware/security.go:25.38,32.6 3 0
github.com/osi-oss/osi/internal/middleware/security.go:37.3,38.44 2 0
github.com/osi-oss/osi/internal/middleware/security.go:38.44,40.79 2 0
github.com/osi-oss/osi/internal/middleware/security.go:40.79,47.5 3 0
github.com/osi-oss/osi/internal/middleware/security.go:50.3,50.11 1 0
github.com/osi-oss/osi/internal/middleware/valid_json.go:11.37,12.30 1 0
github.com/osi-oss/osi/internal/middleware/valid_json.go:12.30,13.62 1 0
github.com/osi-oss/osi/internal/middleware/valid_json.go:13.62,15.58 2 0
github.com/osi-oss/osi/internal/middleware/valid_json.go:15.58,19.5 3 0
github.com/osi-oss/osi/internal/middleware/valid_json.go:21.3,21.11 1 0
github.com/osi-oss/osi/internal/validators/email_validator.go:14.46,18.2 1 1
github.com/osi-oss/osi/internal/validators/email_validator.go:23.55,24.21 1 0
github.com/osi-oss/osi/internal/validators/email_validator.go:24.21,26.3 1 0
github.com/osi-oss/osi/internal/validators/email_validator.go:28.2,28.30 1 0
github.com/osi-oss/osi/internal/validators/email_validator.go:28.30,30.3 1 0
github.com/osi-oss/osi/internal/validators/email_validator.go:33.2,34.36 2 0
github.com/osi-oss/osi/internal/validators/email_validator.go:34.36,36.3 1 0
github.com/osi-oss/osi/internal/validators/email_validator.go:38.2,38.12 1 0
github.com/osi-oss/osi/internal/validators/password_validator.go:19.52,28.2 1 1
github.com/osi-oss/osi/internal/validators/password_validator.go:33.61,34.33 1 1
github.com/osi-oss/osi/internal/validators/password_validator.go:34.33,36.3 1 1
github.com/osi-oss/osi/internal/validators/password_validator.go:38.2,38.33 1 1
github.com/osi-oss/osi/internal/validators/password_validator.go:38.33,40.3 1 0
github.com/osi-oss/osi/internal/validators/password_validator.go:42.2,44.32 2 1
github.com/osi-oss/osi/internal/validators/password_validator.go:44.32,45.10 1 1
github.com/osi-oss/osi/internal/validators/password_validator.go:46.30,47.19 1 1
github.com/osi-oss/osi/internal/validators/password_validator.go:48.30,49.19 1 1
github.com/osi-oss/osi/internal/validators/password_validator.go:50.30,51.19 1 1
github.com/osi-oss/osi/internal/validators/password_validator.go:52.56,53.21 1 0
github.com/osi-oss/osi/internal/validators/password_validator.go:57.2,57.37 1 1
github.com/osi-oss/osi/internal/validators/password_validator.go:57.37,59.3 1 0
github.com/osi-oss/osi/internal/validators/password_validator.go:61.2,61.37 1 1
github.com/osi-oss/osi/internal/validators/password_validator.go:61.37,63.3 1 0
github.com/osi-oss/osi/internal/validators/password_validator.go:65.2,65.34 1 1
github.com/osi-oss/osi/internal/validators/password_validator.go:65.34,67.3 1 0
github.com/osi-oss/osi/internal/validators/password_validator.go:69.2,69.37 1 1
github.com/osi-oss/osi/internal/validators/password_validator.go:69.37,71.3 1 0
github.com/osi-oss/osi/internal/validators/password_validator.go:73.2,73.12 1 1
github.com/osi-oss/osi/internal/validators/validators.go:8.46,16.38 3 1
github.com/osi-oss/osi/internal/validators/validators.go:16.38,17.44 1 1
github.com/osi-oss/osi/internal/validators/validators.go:17.44,19.4 1 1
github.com/osi-oss/osi/internal/validators/validators.go:21.2,21.14 1 1
github.com/osi-oss/osi/internal/validators/validators.go:25.37,33.38 3 1
github.com/osi-oss/osi/internal/validators/validators.go:33.38,34.44 1 1
github.com/osi-oss/osi/internal/validators/validators.go:34.44,36.4 1 1
github.com/osi-oss/osi/internal/validators/validators.go:38.2,38.14 1 1
github.com/osi-oss/osi/internal/services/email_service.go:18.92,27.2 1 0
github.com/osi-oss/osi/internal/services/email_service.go:30.90,48.2 4 0
github.com/osi-oss/osi/internal/services/email_service.go:51.73,65.2 3 0
github.com/osi-oss/osi/internal/services/email_service.go:68.66,83.2 4 0
github.com/osi-oss/osi/internal/services/email_service.go:86.57,88.2 1 0
github.com/osi-oss/osi/internal/services/organization_service.go:20.94,24.2 1 1
github.com/osi-oss/osi/internal/services/organization_service.go:36.125,38.22 1 1
github.com/osi-oss/osi/internal/services/organization_service.go:38.22,40.3 1 1
github.com/osi-oss/osi/internal/services/organization_service.go:43.2,53.46 2 1
github.com/osi-oss/osi/internal/services/organization_service.go:53.46,55.3 1 0
github.com/osi-oss/osi/internal/services/organization_service.go:58.2,65.57 2 1
github.com/osi-oss/osi/internal/services/organization_service.go:65.57,69.3 2 0
github.com/osi-oss/osi/internal/services/organization_service.go:72.2,72.34 1 1
github.com/osi-oss/osi/internal/services/organization_service.go:75.104,77.16 2 1
github.com/osi-oss/osi/internal/services/organization_service.go:77.16,79.3 1 1
github.com/osi-oss/osi/internal/services/organization_service.go:82.2,83.39 2 1
github.com/osi-oss/osi/internal/services/organization_service.go:83.39,84.31 1 1
github.com/osi-oss/osi/internal/services/organization_service.go:84.31,86.9 2 1
github.com/osi-oss/osi/internal/services/organization_service.go:90.2,90.16 1 1
github.com/osi-oss/osi/internal/services/organization_service.go:90.16,92.3 1 1
github.com/osi-oss/osi/internal/services/organization_service.go:94.2,94.17 1 1
github.com/osi-oss/osi/internal/services/organization_service.go:97.97,99.2 1 1
github.com/osi-oss/osi/internal/services/organization_service.go:101.138,104.16 2 1
github.com/osi-oss/osi/internal/services/organization_service.go:104.16,106.3 1 1
github.com/osi-oss/osi/internal/services/organization_service.go:109.2,109.22 1 1
github.com/osi-oss/osi/internal/services/organization_service.go:109.22,111.3 1 1
github.com/osi-oss/osi/internal/services/organization_service.go:112.2,118.46 6 1
github.com/osi-oss/osi/internal/services/organization_service.go:118.46,120.3 1 0
github.com/osi-oss/osi/internal/services/organization_service.go:122.2,122.34 1 1
github.com/osi-oss/osi/internal/services/organization_service.go:125.83,128.16 2 1
github.com/osi-oss/osi/internal/services/organization_service.go:128.16,130.3 1 1
github.com/osi-oss/osi/internal/services/organization_service.go:133.2,134.39 2 1
github.com/osi-oss/osi/internal/services/organization_service.go:134.39,135.49 1 1
github.com/osi-oss/osi/internal/services/organization_service.go:135.49,137.9 2 1
github.com/osi-oss/osi/internal/services/organization_service.go:141.2,141.20 1 1
github.com/osi-oss/osi/internal/services/organization_service.go:141.20,143.3 1 0
github.com/osi-oss/osi/internal/services/organization_service.go:145.2,145.33 1 1
github.com/osi-oss/osi/internal/services/user_service.go:48.16,56.2 1 1
github.com/osi-oss/osi/internal/services/user_service.go:58.76,60.63 1 1
github.com/osi-oss/osi/internal/services/user_service.go:60.63,62.3 1 0
github.com/osi-oss/osi/internal/services/user_service.go:65.2,66.16 2 1
github.com/osi-oss/osi/internal/services/user_service.go:66.16,68.3 1 1
github.com/osi-oss/osi/internal/services/user_service.go:71.2,71.45 1 1
github.com/osi-oss/osi/internal/services/user_service.go:71.45,73.3 1 0
github.com/osi-oss/osi/internal/services/user_service.go:76.2,77.16 2 1
github.com/osi-oss/osi/internal/services/user_service.go:77.16,79.3 1 0
github.com/osi-oss/osi/internal/services/user_service.go:81.2,82.16 2 1
github.com/osi-oss/osi/internal/services/user_service.go:82.16,84.3 1 0
github.com/osi-oss/osi/internal/services/user_service.go:86.2,92.48 2 1
github.com/osi-oss/osi/internal/services/user_service.go:92.48,94.3 1 0
github.com/osi-oss/osi/internal/services/user_service.go:96.2,96.18 1 1
github.com/osi-oss/osi/internal/services/user_service.go:99.69,102.16 2 1
github.com/osi-oss/osi/internal/services/user_service.go:102.16,104.3 1 0
github.com/osi-oss/osi/internal/services/user_service.go:107.2,108.16 2 1
github.com/osi-oss/osi/internal/services/user_service.go:108.16,110.3 1 1
github.com/osi-oss/osi/internal/services/user_service.go:112.2,122.16 4 1
github.com/osi-oss/osi/internal/services/user_service.go:122.16,124.3 1 0
github.com/osi-oss/osi/internal/services/user_service.go:126.2,126.25 1 1
github.com/osi-oss/osi/internal/services/user_service.go:130.62,132.16 2 0
github.com/osi-oss/osi/internal/services/user_service.go:132.16,133.45 1 0
github.com/osi-oss/osi/internal/services/user_service.go:133.45,135.4 1 0
github.com/osi-oss/osi/internal/services/user_service.go:136.3,136.52 1 0
github.com/osi-oss/osi/internal/services/user_service.go:138.2,138.18 1 0
github.com/osi-oss/osi/internal/services/user_service.go:142.64,145.16 2 1
github.com/osi-oss/osi/internal/services/user_service.go:145.16,146.45 1 0
github.com/osi-oss/osi/internal/services/user_service.go:146.45,149.4 1 0
github.com/osi-oss/osi/internal/services/user_service.go:150.3,150.47 1 0
github.com/osi-oss/osi/internal/services/user_service.go:154.2,155.16 2 1
github.com/osi-oss/osi/internal/services/user_service.go:155.16,157.3 1 0
github.com/osi-oss/osi/internal/services/user_service.go:160.2,167.55 2 1
github.com/osi-oss/osi/internal/services/user_service.go:167.55,169.3 1 0
github.com/osi-oss/osi/internal/services/user_service.go:172.2,172.87 1 1
github.com/osi-oss/osi/internal/services/user_service.go:172.87,174.3 1 0
github.com/osi-oss/osi/internal/services/user_service.go:176.2,176.12 1 1
github.com/osi-oss/osi/internal/services/user_service.go:180.70,182.66 1 1
github.com/osi-oss/osi/internal/services/user_service.go:182.66,184.3 1 0
github.com/osi-oss/osi/internal/services/user_service.go:187.2,188.16 2 1
github.com/osi-oss/osi/internal/services/user_service.go:188.16,189.45 1 0
github.com/osi-oss/osi/internal/services/user_service.go:189.45,191.4 1 0
github.com/osi-oss/osi/internal/services/user_service.go:192.3,192.47 1 0
github.com/osi-oss/osi/internal/services/user_service.go:196.2,197.16 2 1
github.com/osi-oss/osi/internal/services/user_service.go:197.16,199.3 1 0
github.com/osi-oss/osi/internal/services/user_service.go:202.2,203.16 2 1
github.com/osi-oss/osi/internal/services/user_service.go:203.16,205.3 1 0
github.com/osi-oss/osi/internal/services/user_service.go:208.2,209.48 2 1
github.com/osi-oss/osi/internal/services/user_service.go:209.48,211.3 1 0
github.com/osi-oss/osi/internal/services/user_service.go:214.2,214.62 1 1
github.com/osi-oss/osi/internal/services/user_service.go:214.62,216.3 1 0
github.com/osi-oss/osi/internal/services/user_service.go:219.2,219.76 1 1
github.com/osi-oss/osi/internal/services/user_service.go:219.76,222.3 1 0
github.com/osi-oss/osi/internal/services/user_service.go:224.2,224.12 1 1
github.com/osi-oss/osi/internal/services/user_service.go:228.60,230.44 2 1
github.com/osi-oss/osi/internal/services/user_service.go:230.44,232.3 1 0
github.com/osi-oss/osi/internal/services/user_service.go:233.2,233.39 1 1
github.com/osi-oss/osi/internal/services/user_service.go:237.70,239.16 2 0
github.com/osi-oss/osi/internal/services/user_service.go:239.16,240.45 1 0
github.com/osi-oss/osi/internal/services/user_service.go:240.45,242.4 1 0
github.com/osi-oss/osi/internal/services/user_service.go:243.3,243.54 1 0
github.com/osi-oss/osi/internal/services/user_service.go:245.2,245.18 1 0
